1770690662.141956 client started (26929): version 3.6a, socket /private/tmp/tmux-501/default, protocol 8
1770690662.142024 on Darwin 25.2.0 Darwin Kernel Version 25.2.0: Tue Nov 18 21:08:48 PST 2025; root:xnu-12377.61.12~1/RELEASE_ARM64_T8132
1770690662.142034 using libevent 2.1.12-stable select
1770690662.142060 using utf8proc 2.11.3
1770690662.142068 using ncurses 6.5 20240427
1770690662.142084 flags are 0x18010000
1770690662.142090 socket is /private/tmp/tmux-501/default
1770690662.142106 trying connect
1770690662.142124 connect failed: No such file or directory
1770690662.142140 lock file is /private/tmp/tmux-501/default.lock
1770690662.142228 flock succeeded
1770690662.142236 got lock (6)
1770690662.142245 trying connect
1770690662.142257 connect failed: No such file or directory
1770690662.143115 add peer 0x102fc54a0: 7 (0x0)
1770690662.145716 sending message 111 to peer 0x102fc54a0 (8 bytes)
1770690662.145733 sending message 111 to peer 0x102fc54a0 (8 bytes)
1770690662.145742 sending message 101 to peer 0x102fc54a0 (15 bytes)
1770690662.145749 sending message 109 to peer 0x102fc54a0 (4 bytes)
1770690662.145755 sending message 102 to peer 0x102fc54a0 (13 bytes)
1770690662.145767 sending message 108 to peer 0x102fc54a0 (50 bytes)
1770690662.145772 sending message 112 to peer 0x102fc54a0 (58 bytes)
1770690662.145778 sending message 112 to peer 0x102fc54a0 (5 bytes)
1770690662.145784 sending message 112 to peer 0x102fc54a0 (5 bytes)
1770690662.145798 sending message 112 to peer 0x102fc54a0 (6 bytes)
1770690662.145804 sending message 112 to peer 0x102fc54a0 (6 bytes)
1770690662.145811 sending message 112 to peer 0x102fc54a0 (11 bytes)
1770690662.145816 sending message 112 to peer 0x102fc54a0 (10 bytes)
1770690662.145822 sending message 112 to peer 0x102fc54a0 (13 bytes)
1770690662.145826 sending message 112 to peer 0x102fc54a0 (14 bytes)
1770690662.145832 sending message 112 to peer 0x102fc54a0 (19 bytes)
1770690662.145837 sending message 112 to peer 0x102fc54a0 (11 bytes)
1770690662.145843 sending message 112 to peer 0x102fc54a0 (10 bytes)
1770690662.145848 sending message 112 to peer 0x102fc54a0 (15 bytes)
1770690662.145854 sending message 112 to peer 0x102fc54a0 (21 bytes)
1770690662.145859 sending message 112 to peer 0x102fc54a0 (13 bytes)
1770690662.145864 sending message 112 to peer 0x102fc54a0 (7 bytes)
1770690662.145870 sending message 112 to peer 0x102fc54a0 (13 bytes)
1770690662.145876 sending message 112 to peer 0x102fc54a0 (7 bytes)
1770690662.145881 sending message 112 to peer 0x102fc54a0 (13 bytes)
1770690662.145886 sending message 112 to peer 0x102fc54a0 (9 bytes)
1770690662.145890 sending message 112 to peer 0x102fc54a0 (21 bytes)
1770690662.145895 sending message 112 to peer 0x102fc54a0 (13 bytes)
1770690662.145901 sending message 112 to peer 0x102fc54a0 (9 bytes)
1770690662.145905 sending message 112 to peer 0x102fc54a0 (16 bytes)
1770690662.145910 sending message 112 to peer 0x102fc54a0 (13 bytes)
1770690662.145915 sending message 112 to peer 0x102fc54a0 (9 bytes)
1770690662.145920 sending message 112 to peer 0x102fc54a0 (9 bytes)
1770690662.145926 sending message 112 to peer 0x102fc54a0 (12 bytes)
1770690662.145932 sending message 112 to peer 0x102fc54a0 (8 bytes)
1770690662.145937 sending message 112 to peer 0x102fc54a0 (8 bytes)
1770690662.145943 sending message 112 to peer 0x102fc54a0 (13 bytes)
1770690662.145948 sending message 112 to peer 0x102fc54a0 (7 bytes)
1770690662.145953 sending message 112 to peer 0x102fc54a0 (7 bytes)
1770690662.145958 sending message 112 to peer 0x102fc54a0 (9 bytes)
1770690662.145963 sending message 112 to peer 0x102fc54a0 (9 bytes)
1770690662.145967 sending message 112 to peer 0x102fc54a0 (15 bytes)
1770690662.145972 sending message 112 to peer 0x102fc54a0 (13 bytes)
1770690662.145977 sending message 112 to peer 0x102fc54a0 (12 bytes)
1770690662.145982 sending message 112 to peer 0x102fc54a0 (8 bytes)
1770690662.145988 sending message 112 to peer 0x102fc54a0 (14 bytes)
1770690662.145994 sending message 112 to peer 0x102fc54a0 (11 bytes)
1770690662.146000 sending message 112 to peer 0x102fc54a0 (9 bytes)
1770690662.146015 sending message 112 to peer 0x102fc54a0 (10 bytes)
1770690662.146019 sending message 112 to peer 0x102fc54a0 (10 bytes)
1770690662.146024 sending message 112 to peer 0x102fc54a0 (10 bytes)
1770690662.146029 sending message 112 to peer 0x102fc54a0 (10 bytes)
1770690662.146034 sending message 112 to peer 0x102fc54a0 (11 bytes)
1770690662.146038 sending message 112 to peer 0x102fc54a0 (12 bytes)
1770690662.146043 sending message 112 to peer 0x102fc54a0 (12 bytes)
1770690662.146047 sending message 112 to peer 0x102fc54a0 (12 bytes)
1770690662.146052 sending message 112 to peer 0x102fc54a0 (12 bytes)
1770690662.146056 sending message 112 to peer 0x102fc54a0 (12 bytes)
1770690662.146061 sending message 112 to peer 0x102fc54a0 (11 bytes)
1770690662.146065 sending message 112 to peer 0x102fc54a0 (11 bytes)
1770690662.146069 sending message 112 to peer 0x102fc54a0 (12 bytes)
1770690662.146074 sending message 112 to peer 0x102fc54a0 (12 bytes)
1770690662.146079 sending message 112 to peer 0x102fc54a0 (12 bytes)
1770690662.146084 sending message 112 to peer 0x102fc54a0 (12 bytes)
1770690662.146089 sending message 112 to peer 0x102fc54a0 (12 bytes)
1770690662.146094 sending message 112 to peer 0x102fc54a0 (9 bytes)
1770690662.146103 sending message 112 to peer 0x102fc54a0 (12 bytes)
1770690662.146108 sending message 112 to peer 0x102fc54a0 (13 bytes)
1770690662.146113 sending message 112 to peer 0x102fc54a0 (13 bytes)
1770690662.146118 sending message 112 to peer 0x102fc54a0 (13 bytes)
1770690662.146122 sending message 112 to peer 0x102fc54a0 (13 bytes)
1770690662.146126 sending message 112 to peer 0x102fc54a0 (13 bytes)
1770690662.146131 sending message 112 to peer 0x102fc54a0 (8 bytes)
1770690662.146135 sending message 112 to peer 0x102fc54a0 (11 bytes)
1770690662.146140 sending message 112 to peer 0x102fc54a0 (11 bytes)
1770690662.146144 sending message 112 to peer 0x102fc54a0 (11 bytes)
1770690662.146148 sending message 112 to peer 0x102fc54a0 (12 bytes)
1770690662.146153 sending message 112 to peer 0x102fc54a0 (12 bytes)
1770690662.146157 sending message 112 to peer 0x102fc54a0 (12 bytes)
1770690662.146161 sending message 112 to peer 0x102fc54a0 (12 bytes)
1770690662.146166 sending message 112 to peer 0x102fc54a0 (13 bytes)
1770690662.146170 sending message 112 to peer 0x102fc54a0 (13 bytes)
1770690662.146175 sending message 112 to peer 0x102fc54a0 (13 bytes)
1770690662.146180 sending message 112 to peer 0x102fc54a0 (8 bytes)
1770690662.146184 sending message 112 to peer 0x102fc54a0 (13 bytes)
1770690662.146189 sending message 112 to peer 0x102fc54a0 (13 bytes)
1770690662.146192 sending message 112 to peer 0x102fc54a0 (13 bytes)
1770690662.146197 sending message 112 to peer 0x102fc54a0 (13 bytes)
1770690662.146201 sending message 112 to peer 0x102fc54a0 (13 bytes)
1770690662.146206 sending message 112 to peer 0x102fc54a0 (12 bytes)
1770690662.146210 sending message 112 to peer 0x102fc54a0 (12 bytes)
1770690662.146215 sending message 112 to peer 0x102fc54a0 (12 bytes)
1770690662.146219 sending message 112 to peer 0x102fc54a0 (12 bytes)
1770690662.146223 sending message 112 to peer 0x102fc54a0 (13 bytes)
1770690662.146228 sending message 112 to peer 0x102fc54a0 (8 bytes)
1770690662.146232 sending message 112 to peer 0x102fc54a0 (13 bytes)
1770690662.146236 sending message 112 to peer 0x102fc54a0 (13 bytes)
1770690662.146241 sending message 112 to peer 0x102fc54a0 (13 bytes)
1770690662.146245 sending message 112 to peer 0x102fc54a0 (13 bytes)
1770690662.146249 sending message 112 to peer 0x102fc54a0 (13 bytes)
1770690662.146254 sending message 112 to peer 0x102fc54a0 (13 bytes)
1770690662.146258 sending message 112 to peer 0x102fc54a0 (13 bytes)
1770690662.146262 sending message 112 to peer 0x102fc54a0 (12 bytes)
1770690662.146267 sending message 112 to peer 0x102fc54a0 (12 bytes)
1770690662.146271 sending message 112 to peer 0x102fc54a0 (12 bytes)
1770690662.146276 sending message 112 to peer 0x102fc54a0 (8 bytes)
1770690662.146280 sending message 112 to peer 0x102fc54a0 (12 bytes)
1770690662.146291 sending message 112 to peer 0x102fc54a0 (13 bytes)
1770690662.146295 sending message 112 to peer 0x102fc54a0 (13 bytes)
1770690662.146300 sending message 112 to peer 0x102fc54a0 (13 bytes)
1770690662.146304 sending message 112 to peer 0x102fc54a0 (13 bytes)
1770690662.146308 sending message 112 to peer 0x102fc54a0 (13 bytes)
1770690662.146312 sending message 112 to peer 0x102fc54a0 (13 bytes)
1770690662.146317 sending message 112 to peer 0x102fc54a0 (13 bytes)
1770690662.146321 sending message 112 to peer 0x102fc54a0 (13 bytes)
1770690662.146326 sending message 112 to peer 0x102fc54a0 (12 bytes)
1770690662.146331 sending message 112 to peer 0x102fc54a0 (10 bytes)
1770690662.146335 sending message 112 to peer 0x102fc54a0 (12 bytes)
1770690662.146340 sending message 112 to peer 0x102fc54a0 (12 bytes)
1770690662.146344 sending message 112 to peer 0x102fc54a0 (12 bytes)
1770690662.146349 sending message 112 to peer 0x102fc54a0 (13 bytes)
1770690662.146353 sending message 112 to peer 0x102fc54a0 (13 bytes)
1770690662.146357 sending message 112 to peer 0x102fc54a0 (13 bytes)
1770690662.146362 sending message 112 to peer 0x102fc54a0 (13 bytes)
1770690662.146366 sending message 112 to peer 0x102fc54a0 (13 bytes)
1770690662.146370 sending message 112 to peer 0x102fc54a0 (13 bytes)
1770690662.146374 sending message 112 to peer 0x102fc54a0 (13 bytes)
1770690662.146377 sending message 112 to peer 0x102fc54a0 (10 bytes)
1770690662.146382 sending message 112 to peer 0x102fc54a0 (13 bytes)
1770690662.146385 sending message 112 to peer 0x102fc54a0 (12 bytes)
1770690662.146390 sending message 112 to peer 0x102fc54a0 (12 bytes)
1770690662.146394 sending message 112 to peer 0x102fc54a0 (12 bytes)
1770690662.146399 sending message 112 to peer 0x102fc54a0 (10 bytes)
1770690662.146403 sending message 112 to peer 0x102fc54a0 (10 bytes)
1770690662.146407 sending message 112 to peer 0x102fc54a0 (10 bytes)
1770690662.146412 sending message 112 to peer 0x102fc54a0 (12 bytes)
1770690662.146416 sending message 112 to peer 0x102fc54a0 (13 bytes)
1770690662.146421 sending message 112 to peer 0x102fc54a0 (13 bytes)
1770690662.146425 sending message 112 to peer 0x102fc54a0 (13 bytes)
1770690662.146430 sending message 112 to peer 0x102fc54a0 (13 bytes)
1770690662.146434 sending message 112 to peer 0x102fc54a0 (13 bytes)
1770690662.146439 sending message 112 to peer 0x102fc54a0 (10 bytes)
1770690662.146443 sending message 112 to peer 0x102fc54a0 (11 bytes)
1770690662.146448 sending message 112 to peer 0x102fc54a0 (12 bytes)
1770690662.146452 sending message 112 to peer 0x102fc54a0 (12 bytes)
1770690662.146456 sending message 112 to peer 0x102fc54a0 (12 bytes)
1770690662.146461 sending message 112 to peer 0x102fc54a0 (12 bytes)
1770690662.146466 sending message 112 to peer 0x102fc54a0 (12 bytes)
1770690662.146470 sending message 112 to peer 0x102fc54a0 (11 bytes)
1770690662.146474 sending message 112 to peer 0x102fc54a0 (12 bytes)
1770690662.146479 sending message 112 to peer 0x102fc54a0 (12 bytes)
1770690662.146483 sending message 112 to peer 0x102fc54a0 (13 bytes)
1770690662.146488 sending message 112 to peer 0x102fc54a0 (13 bytes)
1770690662.146492 sending message 112 to peer 0x102fc54a0 (13 bytes)
1770690662.146497 sending message 112 to peer 0x102fc54a0 (13 bytes)
1770690662.146502 sending message 112 to peer 0x102fc54a0 (13 bytes)
1770690662.146506 sending message 112 to peer 0x102fc54a0 (10 bytes)
1770690662.146510 sending message 112 to peer 0x102fc54a0 (9 bytes)
1770690662.146514 sending message 112 to peer 0x102fc54a0 (12 bytes)
1770690662.146519 sending message 112 to peer 0x102fc54a0 (13 bytes)
1770690662.146523 sending message 112 to peer 0x102fc54a0 (13 bytes)
1770690662.146527 sending message 112 to peer 0x102fc54a0 (13 bytes)
1770690662.146532 sending message 112 to peer 0x102fc54a0 (13 bytes)
1770690662.146536 sending message 112 to peer 0x102fc54a0 (13 bytes)
1770690662.146540 sending message 112 to peer 0x102fc54a0 (9 bytes)
1770690662.146544 sending message 112 to peer 0x102fc54a0 (12 bytes)
1770690662.146549 sending message 112 to peer 0x102fc54a0 (13 bytes)
1770690662.146558 sending message 112 to peer 0x102fc54a0 (13 bytes)
1770690662.146562 sending message 112 to peer 0x102fc54a0 (13 bytes)
1770690662.146567 sending message 112 to peer 0x102fc54a0 (13 bytes)
1770690662.146571 sending message 112 to peer 0x102fc54a0 (13 bytes)
1770690662.146575 sending message 112 to peer 0x102fc54a0 (11 bytes)
1770690662.146580 sending message 112 to peer 0x102fc54a0 (12 bytes)
1770690662.146584 sending message 112 to peer 0x102fc54a0 (13 bytes)
1770690662.146588 sending message 112 to peer 0x102fc54a0 (13 bytes)
1770690662.146592 sending message 112 to peer 0x102fc54a0 (13 bytes)
1770690662.146596 sending message 112 to peer 0x102fc54a0 (13 bytes)
1770690662.146601 sending message 112 to peer 0x102fc54a0 (13 bytes)
1770690662.146605 sending message 112 to peer 0x102fc54a0 (11 bytes)
1770690662.146609 sending message 112 to peer 0x102fc54a0 (12 bytes)
1770690662.146614 sending message 112 to peer 0x102fc54a0 (12 bytes)
1770690662.146619 sending message 112 to peer 0x102fc54a0 (12 bytes)
1770690662.146623 sending message 112 to peer 0x102fc54a0 (12 bytes)
1770690662.146627 sending message 112 to peer 0x102fc54a0 (12 bytes)
1770690662.146631 sending message 112 to peer 0x102fc54a0 (21 bytes)
1770690662.146635 sending message 112 to peer 0x102fc54a0 (12 bytes)
1770690662.146639 sending message 112 to peer 0x102fc54a0 (9 bytes)
1770690662.146644 sending message 112 to peer 0x102fc54a0 (6 bytes)
1770690662.146648 sending message 112 to peer 0x102fc54a0 (13 bytes)
1770690662.146652 sending message 112 to peer 0x102fc54a0 (10 bytes)
1770690662.146656 sending message 112 to peer 0x102fc54a0 (24 bytes)
1770690662.146661 sending message 112 to peer 0x102fc54a0 (13 bytes)
1770690662.146665 sending message 112 to peer 0x102fc54a0 (9 bytes)
1770690662.146669 sending message 112 to peer 0x102fc54a0 (70 bytes)
1770690662.146674 sending message 112 to peer 0x102fc54a0 (69 bytes)
1770690662.146678 sending message 112 to peer 0x102fc54a0 (12 bytes)
1770690662.146683 sending message 112 to peer 0x102fc54a0 (10 bytes)
1770690662.146687 sending message 112 to peer 0x102fc54a0 (10 bytes)
1770690662.146692 sending message 112 to peer 0x102fc54a0 (24 bytes)
1770690662.146697 sending message 112 to peer 0x102fc54a0 (13 bytes)
1770690662.146701 sending message 112 to peer 0x102fc54a0 (10 bytes)
1770690662.146705 sending message 112 to peer 0x102fc54a0 (10 bytes)
1770690662.146709 sending message 112 to peer 0x102fc54a0 (10 bytes)
1770690662.146713 sending message 112 to peer 0x102fc54a0 (13 bytes)
1770690662.146718 sending message 112 to peer 0x102fc54a0 (15 bytes)
1770690662.146723 sending message 112 to peer 0x102fc54a0 (5 bytes)
1770690662.146729 sending message 104 to peer 0x102fc54a0 (0 bytes)
1770690662.146735 sending message 110 to peer 0x102fc54a0 (0 bytes)
1770690662.146739 sending message 107 to peer 0x102fc54a0 (4 bytes)
1770690662.146743 sending message 105 to peer 0x102fc54a0 (20 bytes)
1770690662.146751 sending message 105 to peer 0x102fc54a0 (21 bytes)
1770690662.146755 sending message 105 to peer 0x102fc54a0 (17 bytes)
1770690662.146760 sending message 105 to peer 0x102fc54a0 (54 bytes)
1770690662.146813 sending message 105 to peer 0x102fc54a0 (47 bytes)
1770690662.146832 sending message 105 to peer 0x102fc54a0 (18 bytes)
1770690662.146839 sending message 105 to peer 0x102fc54a0 (495 bytes)
1770690662.146846 sending message 105 to peer 0x102fc54a0 (54 bytes)
1770690662.146850 sending message 105 to peer 0x102fc54a0 (50 bytes)
1770690662.146854 sending message 105 to peer 0x102fc54a0 (21 bytes)
1770690662.146858 sending message 105 to peer 0x102fc54a0 (14 bytes)
1770690662.146862 sending message 105 to peer 0x102fc54a0 (24 bytes)
1770690662.146866 sending message 105 to peer 0x102fc54a0 (15 bytes)
1770690662.146870 sending message 105 to peer 0x102fc54a0 (8 bytes)
1770690662.146874 sending message 105 to peer 0x102fc54a0 (66 bytes)
1770690662.146878 sending message 105 to peer 0x102fc54a0 (20 bytes)
1770690662.146884 sending message 105 to peer 0x102fc54a0 (28 bytes)
1770690662.146905 sending message 105 to peer 0x102fc54a0 (25 bytes)
1770690662.146912 sending message 105 to peer 0x102fc54a0 (53 bytes)
1770690662.146918 sending message 105 to peer 0x102fc54a0 (57 bytes)
1770690662.146923 sending message 105 to peer 0x102fc54a0 (14 bytes)
1770690662.146929 sending message 105 to peer 0x102fc54a0 (14 bytes)
1770690662.146935 sending message 105 to peer 0x102fc54a0 (19 bytes)
1770690662.146942 sending message 105 to peer 0x102fc54a0 (40 bytes)
1770690662.146946 sending message 105 to peer 0x102fc54a0 (38 bytes)
1770690662.146951 sending message 105 to peer 0x102fc54a0 (30 bytes)
1770690662.146956 sending message 105 to peer 0x102fc54a0 (37 bytes)
1770690662.146962 sending message 105 to peer 0x102fc54a0 (34 bytes)
1770690662.146967 sending message 105 to peer 0x102fc54a0 (35 bytes)
1770690662.146974 sending message 105 to peer 0x102fc54a0 (17 bytes)
1770690662.146979 sending message 105 to peer 0x102fc54a0 (16 bytes)
1770690662.146984 sending message 105 to peer 0x102fc54a0 (17 bytes)
1770690662.146990 sending message 105 to peer 0x102fc54a0 (25 bytes)
1770690662.146995 sending message 106 to peer 0x102fc54a0 (0 bytes)
1770690662.147075 sending message 200 to peer 0x102fc54a0 (4 bytes)
1770690662.147084 client loop enter
1770690662.147111 client_signal: Child exited: 20
1770690662.193224 peer 0x102fc54a0 message 207
1770690662.193231 sending message 208 to peer 0x102fc54a0 (0 bytes)
1770921830.963861 client_signal: Hangup: 1
1770921830.964746 sending message 205 to peer 0x102fc54a0 (0 bytes)
1770921830.964814 client loop exit
